Jun 11, 2025 11:22:11 AM TestApp main
SEVERE: Exception occurred
java.lang.NullPointerException
        at TestApp.simulateError(TestApp.java:17)
        at TestApp.main(TestApp.java:8)